📥 Fetching BTC/USDT 5m data from Binance...
✅ 17281 bars (2026-02-06 → 2026-04-07)
📊 Train: 13,824 | Test: 3,457

🏗️  Building environments...
🤖 Building PPO agent (27 features, spot BTC)...
   Network: 27 → 256 → 256 → 128 → 4 | Params: 212,357

🚀 Training up to 1,000,000 steps...
=================================================================
  Step  10,000 | PnL: $  +0.00 ( +0.0%) | WR: 0.0% (0W/0L) | Trades: 0 | DD: 0.0%
  💾 New best! PnL: $+0.00
  Step  20,000 | PnL: $ -40.51 ( -4.1%) | WR: 33.8% (23W/45L) | Trades: 68 | DD: 5.1%
  Step  30,000 | PnL: $ -47.76 ( -4.8%) | WR: 24.6% (16W/49L) | Trades: 65 | DD: 5.0%
  Step  40,000 | PnL: $ -19.86 ( -2.0%) | WR: 20.7% (6W/23L) | Trades: 29 | DD: 2.2%
  Step  50,000 | PnL: $  +1.81 ( +0.2%) | WR: 66.7% (2W/1L) | Trades: 3 | DD: 0.2%
  💾 New best! PnL: $+1.81
  Step  60,000 | PnL: $  -2.21 ( -0.2%) | WR: 30.0% (3W/7L) | Trades: 10 | DD: 0.3%
  Step  70,000 | PnL: $  +0.00 ( +0.0%) | WR: 0.0% (0W/0L) | Trades: 0 | DD: 0.0%
  Step  80,000 | PnL: $  +0.00 ( +0.0%) | WR: 0.0% (0W/0L) | Trades: 0 | DD: 0.0%
  Step  90,000 | PnL: $  +1.48 ( +0.1%) | WR: 100.0% (1W/0L) | Trades: 1 | DD: 0.0%
  Step 100,000 | PnL: $  +0.00 ( +0.0%) | WR: 0.0% (0W/0L) | Trades: 0 | DD: 0.0%
  Step 110,000 | PnL: $  +0.00 ( +0.0%) | WR: 0.0% (0W/0L) | Trades: 0 | DD: 0.0%
  Step 120,000 | PnL: $  +0.00 ( +0.0%) | WR: 0.0% (0W/0L) | Trades: 0 | DD: 0.0%
  Step 130,000 | PnL: $  +0.46 ( +0.0%) | WR: 50.0% (1W/1L) | Trades: 2 | DD: 0.1%
  Step 140,000 | PnL: $  -3.79 ( -0.4%) | WR: 50.0% (1W/1L) | Trades: 2 | DD: 0.4%
  Step 150,000 | PnL: $  +0.00 ( +0.0%) | WR: 0.0% (0W/0L) | Trades: 0 | DD: 0.0%
  Step 160,000 | PnL: $  +0.00 ( +0.0%) | WR: 0.0% (0W/0L) | Trades: 0 | DD: 0.0%
  Step 170,000 | PnL: $  +0.00 ( +0.0%) | WR: 0.0% (0W/0L) | Trades: 0 | DD: 0.0%
  Step 180,000 | PnL: $  +0.00 ( +0.0%) | WR: 0.0% (0W/0L) | Trades: 0 | DD: 0.0%
  Step 190,000 | PnL: $  +0.00 ( +0.0%) | WR: 0.0% (0W/0L) | Trades: 0 | DD: 0.0%
  Step 200,000 | PnL: $  +0.00 ( +0.0%) | WR: 0.0% (0W/0L) | Trades: 0 | DD: 0.0%

⏹️  Early stop

=================================================================
FINAL EVALUATION
=================================================================

📊 CRYPTO AGENT RESULTS (BTC/USDT spot, $1,000 capital):
   PnL:      $+1.81 (+0.2%)
   Win Rate: 66.7% (2W / 1L)
   Trades:   3
   Max DD:   0.2%

📊 Random baseline: ~-$983, 15.8% WR

✅ Agent profitable — learned to trade BTC spot!

💾 Saved: crypto_agent_best.zip
