📥 Loading MTF dataset...
✅ 8760 bars | 21 columns
📊 Train: 7,008 bars | Test: 1,752 bars

🏗️  Building environments...
🤖 Building PPO agent (36 features, 4 actions, pure OHLCV)...
   Network: 36 → 256 → 256 → 128 → 4 | Params: 216,965
   No hardcoded rules — agent learns everything

🚀 Training up to 2,000,000 steps...
======================================================================
  Step   5,000 | PnL: $  -4.86 ( -0.5%) | WR: 46.1% (71W/83L) | Trades: 154 | DD: 14.6%
  💾 New best! $-4.86
  Step  10,000 | PnL: $+116.61 (+11.7%) | WR: 47.6% (68W/75L) | Trades: 143 | DD: 13.8%
  💾 New best! $+116.61
  Step  15,000 | PnL: $+729.22 (+72.9%) | WR: 57.0% (61W/46L) | Trades: 107 | DD: 8.2%
  💾 New best! $+729.22
  Step  20,000 | PnL: $+347.45 (+34.7%) | WR: 56.9% (116W/88L) | Trades: 204 | DD: 13.1%
  Step  25,000 | PnL: $+460.35 (+46.0%) | WR: 58.5% (79W/56L) | Trades: 135 | DD: 13.4%
  Step  30,000 | PnL: $+218.68 (+21.9%) | WR: 56.9% (66W/50L) | Trades: 116 | DD: 12.8%
  Step  35,000 | PnL: $+550.95 (+55.1%) | WR: 60.7% (82W/53L) | Trades: 135 | DD: 6.1%
  Step  40,000 | PnL: $+745.43 (+74.5%) | WR: 64.5% (89W/49L) | Trades: 139 | DD: 7.6%
  💾 New best! $+745.43
  Step  45,000 | PnL: $+1187.31 (+118.7%) | WR: 67.5% (102W/49L) | Trades: 151 | DD: 8.1%
  💾 New best! $+1187.31
  Step  50,000 | PnL: $+1810.36 (+181.0%) | WR: 68.1% (126W/59L) | Trades: 185 | DD: 6.2%
  💾 New best! $+1810.36
  Step  55,000 | PnL: $+993.04 (+99.3%) | WR: 57.8% (104W/76L) | Trades: 180 | DD: 7.4%
  Step  60,000 | PnL: $+732.98 (+73.3%) | WR: 52.6% (82W/74L) | Trades: 156 | DD: 5.9%
  Step  65,000 | PnL: $+794.29 (+79.4%) | WR: 60.8% (93W/60L) | Trades: 153 | DD: 4.6%
  Step  70,000 | PnL: $+774.94 (+77.5%) | WR: 57.8% (74W/54L) | Trades: 128 | DD: 6.8%
  Step  75,000 | PnL: $+509.99 (+51.0%) | WR: 58.3% (74W/53L) | Trades: 127 | DD: 7.5%
  Step  80,000 | PnL: $+521.13 (+52.1%) | WR: 66.1% (78W/40L) | Trades: 118 | DD: 7.6%
  Step  85,000 | PnL: $+466.63 (+46.7%) | WR: 64.9% (85W/46L) | Trades: 131 | DD: 5.1%
  Step  90,000 | PnL: $+923.87 (+92.4%) | WR: 68.7% (103W/47L) | Trades: 150 | DD: 5.0%
  Step  95,000 | PnL: $+359.32 (+35.9%) | WR: 56.1% (87W/68L) | Trades: 155 | DD: 10.9%
  Step 100,000 | PnL: $+638.53 (+63.9%) | WR: 63.0% (97W/57L) | Trades: 154 | DD: 8.9%
  Step 105,000 | PnL: $+626.46 (+62.6%) | WR: 65.4% (87W/46L) | Trades: 133 | DD: 5.6%
  Step 110,000 | PnL: $+455.09 (+45.5%) | WR: 60.5% (78W/51L) | Trades: 129 | DD: 10.6%
  Step 115,000 | PnL: $+761.79 (+76.2%) | WR: 62.5% (80W/48L) | Trades: 128 | DD: 6.0%
  Step 120,000 | PnL: $+572.85 (+57.3%) | WR: 62.6% (102W/61L) | Trades: 163 | DD: 12.0%
  Step 125,000 | PnL: $+794.44 (+79.4%) | WR: 66.3% (108W/55L) | Trades: 163 | DD: 6.0%
  Step 130,000 | PnL: $+589.38 (+58.9%) | WR: 63.6% (110W/63L) | Trades: 173 | DD: 15.0%
  Step 135,000 | PnL: $+308.95 (+30.9%) | WR: 59.0% (98W/68L) | Trades: 166 | DD: 12.9%
  Step 140,000 | PnL: $+1091.40 (+109.1%) | WR: 65.9% (110W/57L) | Trades: 167 | DD: 5.9%
  Step 145,000 | PnL: $+440.83 (+44.1%) | WR: 59.6% (99W/67L) | Trades: 166 | DD: 9.5%
  Step 150,000 | PnL: $+728.99 (+72.9%) | WR: 59.6% (96W/65L) | Trades: 161 | DD: 7.5%
  Step 155,000 | PnL: $+1192.44 (+119.2%) | WR: 60.1% (107W/71L) | Trades: 178 | DD: 5.4%
  Step 160,000 | PnL: $+2039.38 (+203.9%) | WR: 72.7% (149W/56L) | Trades: 206 | DD: 5.4%
  💾 New best! $+2039.38
  Step 165,000 | PnL: $+2534.22 (+253.4%) | WR: 70.9% (158W/65L) | Trades: 224 | DD: 5.6%
  💾 New best! $+2534.22
  Step 170,000 | PnL: $+2590.10 (+259.0%) | WR: 70.2% (158W/67L) | Trades: 226 | DD: 5.6%
  💾 New best! $+2590.10
  Step 175,000 | PnL: $+1800.58 (+180.1%) | WR: 66.0% (161W/83L) | Trades: 245 | DD: 7.6%
  Step 180,000 | PnL: $+1631.16 (+163.1%) | WR: 62.4% (164W/99L) | Trades: 264 | DD: 8.0%
  Step 185,000 | PnL: $+1658.18 (+165.8%) | WR: 63.6% (152W/87L) | Trades: 240 | DD: 6.8%
  Step 190,000 | PnL: $+2025.90 (+202.6%) | WR: 65.9% (149W/77L) | Trades: 227 | DD: 8.2%
  Step 195,000 | PnL: $+1556.53 (+155.7%) | WR: 63.6% (131W/75L) | Trades: 207 | DD: 6.3%
  Step 200,000 | PnL: $+1768.37 (+176.8%) | WR: 62.9% (129W/76L) | Trades: 206 | DD: 7.6%
  Step 205,000 | PnL: $+1635.09 (+163.5%) | WR: 67.8% (145W/69L) | Trades: 215 | DD: 7.3%
  Step 210,000 | PnL: $+2080.82 (+208.1%) | WR: 70.5% (146W/61L) | Trades: 207 | DD: 4.0%
  Step 215,000 | PnL: $+1982.80 (+198.3%) | WR: 70.9% (158W/65L) | Trades: 224 | DD: 6.6%
  Step 220,000 | PnL: $+2420.23 (+242.0%) | WR: 69.2% (162W/72L) | Trades: 235 | DD: 4.9%
  Step 225,000 | PnL: $+1972.78 (+197.3%) | WR: 67.9% (144W/68L) | Trades: 213 | DD: 3.8%
  Step 230,000 | PnL: $+2435.10 (+243.5%) | WR: 67.4% (186W/90L) | Trades: 277 | DD: 4.0%
  Step 235,000 | PnL: $+2469.84 (+247.0%) | WR: 67.1% (186W/91L) | Trades: 278 | DD: 4.9%
  Step 240,000 | PnL: $+2458.18 (+245.8%) | WR: 69.1% (188W/84L) | Trades: 273 | DD: 3.8%
  Step 245,000 | PnL: $+2767.64 (+276.8%) | WR: 71.2% (210W/85L) | Trades: 296 | DD: 3.8%
  💾 New best! $+2767.64
  Step 250,000 | PnL: $+2304.64 (+230.5%) | WR: 68.4% (184W/85L) | Trades: 269 | DD: 4.4%
  Step 255,000 | PnL: $+2053.91 (+205.4%) | WR: 68.1% (171W/80L) | Trades: 252 | DD: 4.5%
  Step 260,000 | PnL: $+2319.55 (+232.0%) | WR: 71.0% (159W/65L) | Trades: 225 | DD: 4.4%
  Step 265,000 | PnL: $+1527.60 (+152.8%) | WR: 64.7% (134W/73L) | Trades: 208 | DD: 4.1%
  Step 270,000 | PnL: $+1478.76 (+147.9%) | WR: 64.0% (135W/76L) | Trades: 212 | DD: 4.1%
  Step 275,000 | PnL: $+2445.90 (+244.6%) | WR: 67.6% (142W/68L) | Trades: 211 | DD: 4.3%
  Step 280,000 | PnL: $+2023.73 (+202.4%) | WR: 67.5% (162W/78L) | Trades: 241 | DD: 4.8%
  Step 285,000 | PnL: $+3039.07 (+303.9%) | WR: 71.4% (180W/72L) | Trades: 253 | DD: 3.6%
  💾 New best! $+3039.07
  Step 290,000 | PnL: $+3072.70 (+307.3%) | WR: 71.1% (165W/67L) | Trades: 233 | DD: 3.6%
  💾 New best! $+3072.70
  Step 295,000 | PnL: $+2325.82 (+232.6%) | WR: 70.1% (169W/72L) | Trades: 242 | DD: 4.4%
  Step 300,000 | PnL: $+2689.88 (+269.0%) | WR: 72.1% (191W/74L) | Trades: 266 | DD: 4.5%
  Step 305,000 | PnL: $+2603.94 (+260.4%) | WR: 70.4% (181W/76L) | Trades: 258 | DD: 4.4%
  Step 310,000 | PnL: $+2779.61 (+278.0%) | WR: 72.0% (175W/68L) | Trades: 244 | DD: 5.2%
  Step 315,000 | PnL: $+3066.46 (+306.6%) | WR: 72.2% (179W/69L) | Trades: 248 | DD: 9.2%
  Step 320,000 | PnL: $+2793.85 (+279.4%) | WR: 68.6% (168W/77L) | Trades: 245 | DD: 7.5%
  Step 325,000 | PnL: $+2874.02 (+287.4%) | WR: 71.2% (185W/75L) | Trades: 261 | DD: 4.9%
  Step 330,000 | PnL: $+2797.99 (+279.8%) | WR: 67.9% (188W/89L) | Trades: 277 | DD: 4.7%
  Step 335,000 | PnL: $+2744.65 (+274.5%) | WR: 66.5% (181W/91L) | Trades: 272 | DD: 5.2%
  Step 340,000 | PnL: $+3468.71 (+346.9%) | WR: 69.1% (172W/77L) | Trades: 250 | DD: 4.7%
  💾 New best! $+3468.71
  Step 345,000 | PnL: $+3641.02 (+364.1%) | WR: 70.4% (190W/80L) | Trades: 271 | DD: 3.6%
  💾 New best! $+3641.02
  Step 350,000 | PnL: $+3549.44 (+354.9%) | WR: 68.4% (167W/77L) | Trades: 245 | DD: 3.6%
  Step 355,000 | PnL: $+2948.14 (+294.8%) | WR: 69.0% (169W/76L) | Trades: 246 | DD: 4.6%
  Step 360,000 | PnL: $+2935.80 (+293.6%) | WR: 69.3% (178W/79L) | Trades: 258 | DD: 6.4%
  Step 365,000 | PnL: $+2668.37 (+266.8%) | WR: 67.9% (159W/75L) | Trades: 235 | DD: 3.2%
  Step 370,000 | PnL: $+3567.25 (+356.7%) | WR: 69.5% (164W/72L) | Trades: 237 | DD: 3.2%
  Step 375,000 | PnL: $+3475.13 (+347.5%) | WR: 68.7% (171W/78L) | Trades: 250 | DD: 3.2%
  Step 380,000 | PnL: $+3322.15 (+332.2%) | WR: 69.1% (172W/77L) | Trades: 250 | DD: 6.1%
  Step 385,000 | PnL: $+2974.91 (+297.5%) | WR: 69.9% (165W/71L) | Trades: 237 | DD: 5.2%
  Step 390,000 | PnL: $+2824.06 (+282.4%) | WR: 71.0% (149W/61L) | Trades: 211 | DD: 3.8%
  Step 395,000 | PnL: $+2169.04 (+216.9%) | WR: 68.6% (144W/66L) | Trades: 211 | DD: 3.8%
  Step 400,000 | PnL: $+2040.54 (+204.1%) | WR: 67.8% (139W/66L) | Trades: 206 | DD: 4.4%
  Step 405,000 | PnL: $+2358.70 (+235.9%) | WR: 70.0% (145W/62L) | Trades: 208 | DD: 5.1%
  Step 410,000 | PnL: $+3236.16 (+323.6%) | WR: 71.2% (151W/61L) | Trades: 213 | DD: 3.8%
  Step 415,000 | PnL: $+3750.39 (+375.0%) | WR: 74.8% (157W/53L) | Trades: 211 | DD: 2.5%
  💾 New best! $+3750.39
  Step 420,000 | PnL: $+3197.38 (+319.7%) | WR: 69.3% (160W/71L) | Trades: 232 | DD: 2.8%
  Step 425,000 | PnL: $+2937.92 (+293.8%) | WR: 68.9% (164W/74L) | Trades: 239 | DD: 4.5%
  Step 430,000 | PnL: $+3299.14 (+329.9%) | WR: 70.9% (166W/68L) | Trades: 235 | DD: 3.8%
  Step 435,000 | PnL: $+3117.80 (+311.8%) | WR: 72.4% (155W/59L) | Trades: 215 | DD: 2.6%
  Step 440,000 | PnL: $+2480.60 (+248.1%) | WR: 68.1% (154W/72L) | Trades: 227 | DD: 7.8%
  Step 445,000 | PnL: $+2953.68 (+295.4%) | WR: 72.1% (147W/57L) | Trades: 205 | DD: 5.6%
  Step 450,000 | PnL: $+2546.15 (+254.6%) | WR: 71.4% (145W/58L) | Trades: 204 | DD: 3.8%
  Step 455,000 | PnL: $+3832.81 (+383.3%) | WR: 72.4% (165W/63L) | Trades: 229 | DD: 2.6%
  💾 New best! $+3832.81
  Step 460,000 | PnL: $+4251.67 (+425.2%) | WR: 76.5% (179W/55L) | Trades: 235 | DD: 3.8%
  💾 New best! $+4251.67
  Step 465,000 | PnL: $+3134.38 (+313.4%) | WR: 72.5% (187W/71L) | Trades: 259 | DD: 5.1%
  Step 470,000 | PnL: $+2701.55 (+270.2%) | WR: 70.2% (191W/81L) | Trades: 273 | DD: 5.9%
  Step 475,000 | PnL: $+3003.43 (+300.3%) | WR: 74.2% (196W/68L) | Trades: 265 | DD: 3.8%
  Step 480,000 | PnL: $+3436.26 (+343.6%) | WR: 74.1% (189W/66L) | Trades: 256 | DD: 3.8%
  Step 485,000 | PnL: $+4265.18 (+426.5%) | WR: 76.7% (197W/60L) | Trades: 257 | DD: 5.1%
  💾 New best! $+4265.18
  Step 490,000 | PnL: $+3473.43 (+347.3%) | WR: 71.4% (192W/77L) | Trades: 269 | DD: 3.8%
  Step 495,000 | PnL: $+3278.67 (+327.9%) | WR: 71.7% (195W/77L) | Trades: 272 | DD: 4.6%
  Step 500,000 | PnL: $+3791.64 (+379.2%) | WR: 74.5% (193W/66L) | Trades: 259 | DD: 3.8%
  Step 505,000 | PnL: $+2467.85 (+246.8%) | WR: 66.5% (167W/84L) | Trades: 252 | DD: 3.8%
  Step 510,000 | PnL: $+2837.73 (+283.8%) | WR: 71.6% (192W/76L) | Trades: 269 | DD: 4.0%
  Step 515,000 | PnL: $+3059.22 (+305.9%) | WR: 72.8% (198W/74L) | Trades: 273 | DD: 5.7%
  Step 520,000 | PnL: $+3158.74 (+315.9%) | WR: 73.5% (194W/70L) | Trades: 265 | DD: 3.8%
  Step 525,000 | PnL: $+3061.49 (+306.1%) | WR: 72.9% (191W/71L) | Trades: 263 | DD: 3.6%
  Step 530,000 | PnL: $+2386.97 (+238.7%) | WR: 66.7% (182W/91L) | Trades: 274 | DD: 4.0%
  Step 535,000 | PnL: $+2742.10 (+274.2%) | WR: 69.8% (178W/77L) | Trades: 256 | DD: 5.6%
  Step 540,000 | PnL: $+3676.08 (+367.6%) | WR: 74.0% (185W/65L) | Trades: 251 | DD: 5.6%
  Step 545,000 | PnL: $+3661.48 (+366.1%) | WR: 73.7% (185W/66L) | Trades: 252 | DD: 5.1%
  Step 550,000 | PnL: $+3395.41 (+339.5%) | WR: 71.5% (178W/71L) | Trades: 250 | DD: 3.8%
  Step 555,000 | PnL: $+3677.11 (+367.7%) | WR: 73.3% (184W/67L) | Trades: 252 | DD: 2.5%
  Step 560,000 | PnL: $+3291.66 (+329.2%) | WR: 71.7% (182W/72L) | Trades: 255 | DD: 4.5%
  Step 565,000 | PnL: $+2615.43 (+261.5%) | WR: 67.6% (177W/85L) | Trades: 263 | DD: 8.6%
  Step 570,000 | PnL: $+2512.08 (+251.2%) | WR: 66.4% (172W/87L) | Trades: 260 | DD: 5.7%
  Step 575,000 | PnL: $+2035.31 (+203.5%) | WR: 65.0% (158W/85L) | Trades: 244 | DD: 4.3%
  Step 580,000 | PnL: $+2238.19 (+223.8%) | WR: 64.7% (165W/90L) | Trades: 256 | DD: 4.3%
  Step 585,000 | PnL: $+2393.98 (+239.4%) | WR: 64.7% (165W/90L) | Trades: 256 | DD: 4.1%
  Step 590,000 | PnL: $+2533.49 (+253.3%) | WR: 64.7% (165W/90L) | Trades: 256 | DD: 5.3%
  Step 595,000 | PnL: $+2014.41 (+201.4%) | WR: 63.7% (167W/95L) | Trades: 263 | DD: 5.7%
  Step 600,000 | PnL: $+2305.59 (+230.6%) | WR: 63.1% (176W/103L) | Trades: 280 | DD: 5.0%
  Step 605,000 | PnL: $+3178.37 (+317.8%) | WR: 65.6% (183W/96L) | Trades: 280 | DD: 4.2%
  Step 610,000 | PnL: $+2689.70 (+269.0%) | WR: 63.6% (180W/103L) | Trades: 284 | DD: 4.9%
  Step 615,000 | PnL: $+3096.27 (+309.6%) | WR: 69.5% (182W/80L) | Trades: 262 | DD: 5.1%
  Step 620,000 | PnL: $+2844.08 (+284.4%) | WR: 67.9% (171W/81L) | Trades: 253 | DD: 4.4%
  Step 625,000 | PnL: $+2450.80 (+245.1%) | WR: 64.6% (157W/86L) | Trades: 244 | DD: 5.6%
  Step 630,000 | PnL: $+3180.83 (+318.1%) | WR: 71.9% (166W/65L) | Trades: 231 | DD: 4.2%
  Step 635,000 | PnL: $+2828.26 (+282.8%) | WR: 66.1% (168W/86L) | Trades: 254 | DD: 5.1%
  Step 640,000 | PnL: $+3080.24 (+308.0%) | WR: 66.2% (182W/93L) | Trades: 275 | DD: 5.1%
  Step 645,000 | PnL: $+3573.54 (+357.4%) | WR: 69.6% (176W/77L) | Trades: 253 | DD: 4.7%
  Step 650,000 | PnL: $+2654.73 (+265.5%) | WR: 66.1% (170W/87L) | Trades: 257 | DD: 5.1%
  Step 655,000 | PnL: $+3525.70 (+352.6%) | WR: 71.5% (186W/74L) | Trades: 260 | DD: 3.7%
  Step 660,000 | PnL: $+3933.46 (+393.3%) | WR: 72.3% (191W/73L) | Trades: 265 | DD: 3.8%
  Step 665,000 | PnL: $+3728.00 (+372.8%) | WR: 68.6% (197W/90L) | Trades: 288 | DD: 9.4%
  Step 670,000 | PnL: $+3280.22 (+328.0%) | WR: 69.0% (200W/90L) | Trades: 291 | DD: 7.0%
  Step 675,000 | PnL: $+3252.89 (+325.3%) | WR: 68.9% (202W/91L) | Trades: 294 | DD: 8.9%
  Step 680,000 | PnL: $+2507.17 (+250.7%) | WR: 66.0% (196W/101L) | Trades: 298 | DD: 7.6%
  Step 685,000 | PnL: $+2356.67 (+235.7%) | WR: 65.7% (201W/105L) | Trades: 307 | DD: 9.1%

⏹️  Early stop — no improvement for 200,000 steps

======================================================================
FINAL EVALUATION
======================================================================

📊 CLEAN MTF AGENT RESULTS:
   PnL:      $+4265.18 (+426.5%)
   Win Rate: 76.7% (197W / 60L)
   Trades:   257
   Max DD:   5.1%

📊 Random baseline: ~-$715, 42% WR, 1500 trades

✅ Agent profitable — learned BTC patterns from raw price!

💾 Saved: crypto_mtf_best.zip
